// Jest Snapshot v1, https://goo.gl/fbAQLP

exports[`App regular 1`] = `
<div>
  <nav
    className="navbar navbar-default"
  >
    <div
      className="container-fluid"
    >
      <div
        className="navbar-header"
      >
        <a
          className="navbar-brand"
          href="/"
        >
          Whisperer
        </a>
      </div>
    </div>
  </nav>
  <div
    className="row"
  >
    <div
      className="col-md-4"
    >
      <div>
        <h3>
          Connection parameters
        </h3>
        <form
          onSubmit={[Function]}
        >
          <fieldset
            disabled={true}
          >
            <div
              className="form-group"
            >
              N
              <label
                htmlFor="mdcKeyInput"
              >
                MDC key name
              </label>
              <input
                className="form-control"
                id="mdcKeyInput"
                name="key"
                onChange={[Function]}
                type="text"
                value="clientId"
              />
            </div>
            <div
              className="form-group"
            >
              <label
                htmlFor="mdcValueInput"
              >
                Expected value
              </label>
              <input
                className="form-control"
                id="mdcValueInput"
                name="value"
                onChange={[Function]}
                type="text"
                value="some_ring"
              />
            </div>
            <div
              className="form-group"
            >
              <label
                htmlFor="logPrefixInput"
              >
                Log prefix
              </label>
              <input
                className="form-control"
                id="logPrefixInput"
                name="prefix"
                onChange={[Function]}
                type="text"
                value="com.farpost.search"
              />
            </div>
          </fieldset>
          <div
            className="form-group"
          >
            <div>
              <label>
                Severity
              </label>
            </div>
            <span
              className="choosed-severity label label-primary"
            >
              INFO
            </span>
            <span
              className="severity-button"
            >
              WARN
            </span>
            <span
              className="severity-button"
            >
              ERROR
            </span>
            <span
              className="severity-button"
            >
              DEBUG
            </span>
            <span
              className="severity-button"
            >
              TRACE
            </span>
          </div>
        </form>
      </div>
      <div
        id="control-buttons"
      >
        <a
          className="btn btn-default"
          href="#"
          onClick={[Function]}
        >
          STOP
        </a>
        
      </div>
    </div>
    <div
      className="col-md-8"
    >
      <div>
        <h3>
          Filters
        </h3>
        <div
          className="row"
        >
          <div
            className="col-xs-4"
          >
            <div
              className="form-group"
            >
              <label
                htmlFor="packageNameFilter"
              >
                Package Name
              </label>
              <input
                className="form-control"
                id="packageNameFilter"
                name="packageNameFilter"
                onChange={[Function]}
                type="text"
                value=""
              />
            </div>
            <div
              className="filters-filter-options"
            >
              <div
                className="checkbox filters-checkbox"
              >
                <label
                  className=""
                >
                  <input
                    checked={true}
                    name="packageNames"
                    onChange={[Function]}
                    type="checkbox"
                    value="c.f.s.CoordinatorSearchEngine"
                  />
                  c.f.s.CoordinatorSearchEngine
                </label>
                <div
                  className="filters-count"
                >
                  <span
                    className="label label-default"
                  >
                    5
                  </span>
                </div>
              </div>
              <div
                className="checkbox filters-checkbox"
              >
                <label
                  className=""
                >
                  <input
                    checked={false}
                    name="packageNames"
                    onChange={[Function]}
                    type="checkbox"
                    value="c.f.s.i.IndexNodeImpl"
                  />
                  c.f.s.i.IndexNodeImpl
                </label>
                <div
                  className="filters-count"
                >
                  <span
                    className="label label-default"
                  >
                    2
                  </span>
                </div>
              </div>
            </div>
            <div
              className="filter-labels"
            >
              <div>
                <span
                  className="filter-label-to-remove label label-info"
                >
                  <a
                    className="close remove-filter"
                    onClick={[Function]}
                    type="button"
                  >
                    <span
                      aria-hidden="true"
                    >
                      ×
                    </span>
                  </a>
                  c.f.s.CoordinatorSearchEngine
                </span>
              </div>
            </div>
          </div>
          <div
            className="col-xs-4"
          >
            <div
              className="form-group"
            >
              <label
                htmlFor="hostNameFilter"
              >
                Host Name
              </label>
              <input
                className="form-control"
                id="hostNameFilter"
                name="hostNameFilter"
                onChange={[Function]}
                type="text"
                value=""
              />
            </div>
            <div
              className="filters-filter-options"
            >
              <div
                className="checkbox filters-checkbox"
              >
                <label
                  className=""
                >
                  <input
                    checked={true}
                    name="hostNames"
                    onChange={[Function]}
                    type="checkbox"
                    value="http://search-coord4.akod.loc"
                  />
                  http://search-coord4.akod.loc
                </label>
                <div
                  className="filters-count"
                >
                  <span
                    className="label label-default"
                  >
                    4
                  </span>
                </div>
              </div>
              <div
                className="checkbox filters-checkbox"
              >
                <label
                  className=""
                >
                  <input
                    checked={true}
                    name="hostNames"
                    onChange={[Function]}
                    type="checkbox"
                    value="http://search-coord5.akod.loc"
                  />
                  http://search-coord5.akod.loc
                </label>
                <div
                  className="filters-count"
                >
                  <span
                    className="label label-default"
                  >
                    5
                  </span>
                </div>
              </div>
              <div
                className="checkbox filters-checkbox"
              >
                <label
                  className=""
                >
                  <input
                    checked={false}
                    name="hostNames"
                    onChange={[Function]}
                    type="checkbox"
                    value="http://search-node68.akod.loc"
                  />
                  http://search-node68.akod.loc
                </label>
                <div
                  className="filters-count"
                >
                  <span
                    className="label label-default"
                  >
                    3
                  </span>
                </div>
              </div>
            </div>
            <div
              className="filter-labels"
            >
              <div>
                <span
                  className="filter-label-to-remove label label-info"
                >
                  <a
                    className="close remove-filter"
                    onClick={[Function]}
                    type="button"
                  >
                    <span
                      aria-hidden="true"
                    >
                      ×
                    </span>
                  </a>
                  http://search-coord5.akod.loc
                </span>
              </div>
              <div>
                <span
                  className="filter-label-to-remove label label-info"
                >
                  <a
                    className="close remove-filter"
                    onClick={[Function]}
                    type="button"
                  >
                    <span
                      aria-hidden="true"
                    >
                      ×
                    </span>
                  </a>
                  http://search-coord4.akod.loc
                </span>
              </div>
            </div>
          </div>
          <div
            className="col-xs-4"
          >
            <div
              className="form-group"
            >
              <label
                htmlFor="threadNameFilter"
              >
                Thread Name
              </label>
              <input
                className="form-control"
                id="threadNameFilter"
                name="threadNameFilter"
                onChange={[Function]}
                type="text"
                value=""
              />
            </div>
            <div
              className="filters-filter-options"
            >
              <div
                className="checkbox filters-checkbox"
              >
                <label
                  className=""
                >
                  <input
                    checked={true}
                    name="threadNames"
                    onChange={[Function]}
                    type="checkbox"
                    value="qtp-12345"
                  />
                  qtp-12345
                </label>
                <div
                  className="filters-count"
                >
                  <span
                    className="label label-default"
                  >
                    6
                  </span>
                </div>
              </div>
              <div
                className="checkbox filters-checkbox"
              >
                <label
                  className=""
                >
                  <input
                    checked={true}
                    name="threadNames"
                    onChange={[Function]}
                    type="checkbox"
                    value="qtp-23456"
                  />
                  qtp-23456
                </label>
                <div
                  className="filters-count"
                >
                  <span
                    className="label label-default"
                  >
                    5
                  </span>
                </div>
              </div>
              <div
                className="checkbox filters-checkbox"
              >
                <label
                  className=""
                >
                  <input
                    checked={false}
                    name="threadNames"
                    onChange={[Function]}
                    type="checkbox"
                    value="qtp1914572623-35"
                  />
                  qtp1914572623-35
                </label>
                <div
                  className="filters-count"
                >
                  <span
                    className="label label-default"
                  >
                    4
                  </span>
                </div>
              </div>
              <div
                className="checkbox filters-checkbox"
              >
                <label
                  className="zero-count-filter"
                >
                  <input
                    checked={false}
                    name="threadNames"
                    onChange={[Function]}
                    type="checkbox"
                    value="another-th"
                  />
                  another-th
                </label>
                <div
                  className="filters-count"
                >
                  <span
                    className="label label-default"
                  >
                    0
                  </span>
                </div>
              </div>
            </div>
            <div
              className="filter-labels"
            >
              <div>
                <span
                  className="filter-label-to-remove label label-info"
                >
                  <a
                    className="close remove-filter"
                    onClick={[Function]}
                    type="button"
                  >
                    <span
                      aria-hidden="true"
                    >
                      ×
                    </span>
                  </a>
                  qtp-12345
                </span>
              </div>
              <div>
                <span
                  className="filter-label-to-remove label label-info"
                >
                  <a
                    className="close remove-filter"
                    onClick={[Function]}
                    type="button"
                  >
                    <span
                      aria-hidden="true"
                    >
                      ×
                    </span>
                  </a>
                  qtp-23456
                </span>
              </div>
            </div>
          </div>
        </div>
      </div>
    </div>
  </div>
  <div
    className="row"
  >
    <div
      className="col-md-12"
    >
      <div
        id="messages-records-count"
      >
        <strong />
        
         records
      </div>
      <div
        className="row"
      >
        <div
          className="col-md-12"
        >
          <div
            className="row message-row"
          >
            <div
              className="col-xs-3 message-row-left-col"
            >
              <div>
                <small>
                  14:17:09.683
                </small>
              </div>
              <div
                className="message-host-name"
              >
                <strong>
                  http://search-coord5.akod.loc
                </strong>
              </div>
              <div>
                <div
                  className="message-tooltip"
                >
                  <div
                    className="message-group-name"
                  >
                    c.f.s.CoordinatorSearchEngine
                  </div>
                  <span
                    className="message-tooltip-text"
                  >
                    com.farpost.search.CoordinatorSearchEngine
                  </span>
                </div>
              </div>
              <div
                className="message-thread-name"
              >
                thread: 
                qtp-12345
              </div>
            </div>
            <div
              className="col-xs-9 message-row-right-col"
            >
              <div
                className="message-block"
              >
                <span>
                  Delegating execution to command 
                </span>
                <a
                  href="#"
                  onClick={[Function]}
                >
                  {
                  ...
                  }
                </a>
                <span>
                  , query: '
                </span>
                <a
                  href="#"
                  onClick={[Function]}
                >
                  {
                  ...
                  }
                </a>
                <span>
                  ', sort: 
                </span>
                <span>
                  null
                </span>
                <span>
                  , facets: 
                </span>
                <a
                  href="#"
                  onClick={[Function]}
                >
                  {
                  ...
                  }
                </a>
                <span>
                  , filter: '
                </span>
                <a
                  href="#"
                  onClick={[Function]}
                >
                  {
                  ...
                  }
                </a>
                <span>
                  '
                </span>
              </div>
            </div>
          </div>
        </div>
      </div>
    </div>
  </div>
  <div
    className="row"
  >
    <div
      className="col-md-12"
    >
      <div
        className="alert alert-warning"
        role="alert"
      >
        Too many messages! Only first 
        1000
         was showed.
      </div>
    </div>
  </div>
</div>
`;

exports[`App to many message to display 1`] = `
<div>
  <nav
    className="navbar navbar-default"
  >
    <div
      className="container-fluid"
    >
      <div
        className="navbar-header"
      >
        <a
          className="navbar-brand"
          href="/"
        >
          Whisperer
        </a>
      </div>
    </div>
  </nav>
  <div
    className="row"
  >
    <div
      className="col-md-4"
    >
      <div>
        <h3>
          Connection parameters
        </h3>
        <form
          onSubmit={[Function]}
        >
          <fieldset
            disabled={true}
          >
            <div
              className="form-group"
            >
              N
              <label
                htmlFor="mdcKeyInput"
              >
                MDC key name
              </label>
              <input
                className="form-control"
                id="mdcKeyInput"
                name="key"
                onChange={[Function]}
                type="text"
                value="clientId"
              />
            </div>
            <div
              className="form-group"
            >
              <label
                htmlFor="mdcValueInput"
              >
                Expected value
              </label>
              <input
                className="form-control"
                id="mdcValueInput"
                name="value"
                onChange={[Function]}
                type="text"
                value="some_ring"
              />
            </div>
            <div
              className="form-group"
            >
              <label
                htmlFor="logPrefixInput"
              >
                Log prefix
              </label>
              <input
                className="form-control"
                id="logPrefixInput"
                name="prefix"
                onChange={[Function]}
                type="text"
                value="com.farpost.search"
              />
            </div>
          </fieldset>
          <div
            className="form-group"
          >
            <div>
              <label>
                Severity
              </label>
            </div>
            <span
              className="choosed-severity label label-primary"
            >
              INFO
            </span>
            <span
              className="severity-button"
            >
              WARN
            </span>
            <span
              className="severity-button"
            >
              ERROR
            </span>
            <span
              className="severity-button"
            >
              DEBUG
            </span>
            <span
              className="severity-button"
            >
              TRACE
            </span>
          </div>
        </form>
      </div>
      <div
        id="control-buttons"
      >
        <a
          className="btn btn-default"
          href="#"
          onClick={[Function]}
        >
          STOP
        </a>
        
      </div>
    </div>
    <div
      className="col-md-8"
    >
      <div>
        <h3>
          Filters
        </h3>
        <div
          className="row"
        >
          <div
            className="col-xs-4"
          >
            <div
              className="form-group"
            >
              <label
                htmlFor="packageNameFilter"
              >
                Package Name
              </label>
              <input
                className="form-control"
                id="packageNameFilter"
                name="packageNameFilter"
                onChange={[Function]}
                type="text"
                value=""
              />
            </div>
            <div
              className="filters-filter-options"
            >
              <div
                className="checkbox filters-checkbox"
              >
                <label
                  className=""
                >
                  <input
                    checked={true}
                    name="packageNames"
                    onChange={[Function]}
                    type="checkbox"
                    value="c.f.s.CoordinatorSearchEngine"
                  />
                  c.f.s.CoordinatorSearchEngine
                </label>
                <div
                  className="filters-count"
                >
                  <span
                    className="label label-default"
                  >
                    5
                  </span>
                </div>
              </div>
              <div
                className="checkbox filters-checkbox"
              >
                <label
                  className=""
                >
                  <input
                    checked={false}
                    name="packageNames"
                    onChange={[Function]}
                    type="checkbox"
                    value="c.f.s.i.IndexNodeImpl"
                  />
                  c.f.s.i.IndexNodeImpl
                </label>
                <div
                  className="filters-count"
                >
                  <span
                    className="label label-default"
                  >
                    2
                  </span>
                </div>
              </div>
            </div>
            <div
              className="filter-labels"
            >
              <div>
                <span
                  className="filter-label-to-remove label label-info"
                >
                  <a
                    className="close remove-filter"
                    onClick={[Function]}
                    type="button"
                  >
                    <span
                      aria-hidden="true"
                    >
                      ×
                    </span>
                  </a>
                  c.f.s.CoordinatorSearchEngine
                </span>
              </div>
            </div>
          </div>
          <div
            className="col-xs-4"
          >
            <div
              className="form-group"
            >
              <label
                htmlFor="hostNameFilter"
              >
                Host Name
              </label>
              <input
                className="form-control"
                id="hostNameFilter"
                name="hostNameFilter"
                onChange={[Function]}
                type="text"
                value=""
              />
            </div>
            <div
              className="filters-filter-options"
            >
              <div
                className="checkbox filters-checkbox"
              >
                <label
                  className=""
                >
                  <input
                    checked={true}
                    name="hostNames"
                    onChange={[Function]}
                    type="checkbox"
                    value="http://search-coord4.akod.loc"
                  />
                  http://search-coord4.akod.loc
                </label>
                <div
                  className="filters-count"
                >
                  <span
                    className="label label-default"
                  >
                    4
                  </span>
                </div>
              </div>
              <div
                className="checkbox filters-checkbox"
              >
                <label
                  className=""
                >
                  <input
                    checked={true}
                    name="hostNames"
                    onChange={[Function]}
                    type="checkbox"
                    value="http://search-coord5.akod.loc"
                  />
                  http://search-coord5.akod.loc
                </label>
                <div
                  className="filters-count"
                >
                  <span
                    className="label label-default"
                  >
                    5
                  </span>
                </div>
              </div>
              <div
                className="checkbox filters-checkbox"
              >
                <label
                  className=""
                >
                  <input
                    checked={false}
                    name="hostNames"
                    onChange={[Function]}
                    type="checkbox"
                    value="http://search-node68.akod.loc"
                  />
                  http://search-node68.akod.loc
                </label>
                <div
                  className="filters-count"
                >
                  <span
                    className="label label-default"
                  >
                    3
                  </span>
                </div>
              </div>
            </div>
            <div
              className="filter-labels"
            >
              <div>
                <span
                  className="filter-label-to-remove label label-info"
                >
                  <a
                    className="close remove-filter"
                    onClick={[Function]}
                    type="button"
                  >
                    <span
                      aria-hidden="true"
                    >
                      ×
                    </span>
                  </a>
                  http://search-coord5.akod.loc
                </span>
              </div>
              <div>
                <span
                  className="filter-label-to-remove label label-info"
                >
                  <a
                    className="close remove-filter"
                    onClick={[Function]}
                    type="button"
                  >
                    <span
                      aria-hidden="true"
                    >
                      ×
                    </span>
                  </a>
                  http://search-coord4.akod.loc
                </span>
              </div>
            </div>
          </div>
          <div
            className="col-xs-4"
          >
            <div
              className="form-group"
            >
              <label
                htmlFor="threadNameFilter"
              >
                Thread Name
              </label>
              <input
                className="form-control"
                id="threadNameFilter"
                name="threadNameFilter"
                onChange={[Function]}
                type="text"
                value=""
              />
            </div>
            <div
              className="filters-filter-options"
            >
              <div
                className="checkbox filters-checkbox"
              >
                <label
                  className=""
                >
                  <input
                    checked={true}
                    name="threadNames"
                    onChange={[Function]}
                    type="checkbox"
                    value="qtp-12345"
                  />
                  qtp-12345
                </label>
                <div
                  className="filters-count"
                >
                  <span
                    className="label label-default"
                  >
                    6
                  </span>
                </div>
              </div>
              <div
                className="checkbox filters-checkbox"
              >
                <label
                  className=""
                >
                  <input
                    checked={true}
                    name="threadNames"
                    onChange={[Function]}
                    type="checkbox"
                    value="qtp-23456"
                  />
                  qtp-23456
                </label>
                <div
                  className="filters-count"
                >
                  <span
                    className="label label-default"
                  >
                    5
                  </span>
                </div>
              </div>
              <div
                className="checkbox filters-checkbox"
              >
                <label
                  className=""
                >
                  <input
                    checked={false}
                    name="threadNames"
                    onChange={[Function]}
                    type="checkbox"
                    value="qtp1914572623-35"
                  />
                  qtp1914572623-35
                </label>
                <div
                  className="filters-count"
                >
                  <span
                    className="label label-default"
                  >
                    4
                  </span>
                </div>
              </div>
              <div
                className="checkbox filters-checkbox"
              >
                <label
                  className="zero-count-filter"
                >
                  <input
                    checked={false}
                    name="threadNames"
                    onChange={[Function]}
                    type="checkbox"
                    value="another-th"
                  />
                  another-th
                </label>
                <div
                  className="filters-count"
                >
                  <span
                    className="label label-default"
                  >
                    0
                  </span>
                </div>
              </div>
            </div>
            <div
              className="filter-labels"
            >
              <div>
                <span
                  className="filter-label-to-remove label label-info"
                >
                  <a
                    className="close remove-filter"
                    onClick={[Function]}
                    type="button"
                  >
                    <span
                      aria-hidden="true"
                    >
                      ×
                    </span>
                  </a>
                  qtp-12345
                </span>
              </div>
              <div>
                <span
                  className="filter-label-to-remove label label-info"
                >
                  <a
                    className="close remove-filter"
                    onClick={[Function]}
                    type="button"
                  >
                    <span
                      aria-hidden="true"
                    >
                      ×
                    </span>
                  </a>
                  qtp-23456
                </span>
              </div>
            </div>
          </div>
        </div>
      </div>
    </div>
  </div>
  <div
    className="row"
  >
    <div
      className="col-md-12"
    >
      <div
        id="messages-records-count"
      >
        <strong />
        
         records
      </div>
      <div
        className="row"
      >
        <div
          className="col-md-12"
        >
          <div
            className="row message-row"
          >
            <div
              className="col-xs-3 message-row-left-col"
            >
              <div>
                <small>
                  14:17:09.683
                </small>
              </div>
              <div
                className="message-host-name"
              >
                <strong>
                  http://search-coord5.akod.loc
                </strong>
              </div>
              <div>
                <div
                  className="message-tooltip"
                >
                  <div
                    className="message-group-name"
                  >
                    c.f.s.CoordinatorSearchEngine
                  </div>
                  <span
                    className="message-tooltip-text"
                  >
                    com.farpost.search.CoordinatorSearchEngine
                  </span>
                </div>
              </div>
              <div
                className="message-thread-name"
              >
                thread: 
                qtp-12345
              </div>
            </div>
            <div
              className="col-xs-9 message-row-right-col"
            >
              <div
                className="message-block"
              >
                <span>
                  Delegating execution to command 
                </span>
                <a
                  href="#"
                  onClick={[Function]}
                >
                  {
                  ...
                  }
                </a>
                <span>
                  , query: '
                </span>
                <a
                  href="#"
                  onClick={[Function]}
                >
                  {
                  ...
                  }
                </a>
                <span>
                  ', sort: 
                </span>
                <span>
                  null
                </span>
                <span>
                  , facets: 
                </span>
                <a
                  href="#"
                  onClick={[Function]}
                >
                  {
                  ...
                  }
                </a>
                <span>
                  , filter: '
                </span>
                <a
                  href="#"
                  onClick={[Function]}
                >
                  {
                  ...
                  }
                </a>
                <span>
                  '
                </span>
              </div>
            </div>
          </div>
        </div>
      </div>
    </div>
  </div>
  <div
    className="row"
  >
    <div
      className="col-md-12"
    >
      <div
        className="alert alert-warning"
        role="alert"
      >
        Too many messages! Only first 
        1000
         was showed.
      </div>
    </div>
  </div>
</div>
`;
