// Jest Snapshot v1, https://goo.gl/fbAQLP

exports[`ToManyMessagesAlert 1`] = `null`;

exports[`ToManyMessagesAlert 2`] = `
<div
  className="row"
>
  <div
    className="col-md-12"
  >
    <div
      className="alert alert-warning"
      role="alert"
    >
      Too many messages! Only first 
      1000
       was showed.
    </div>
  </div>
</div>
`;
